""" Test cases for BaseGeometry class


>>> BaseGeometry = __import__('7-base_geometry').BaseGeometry

>>> cls = BaseGeometry()

>>> cls.area()
Traceback (most recent call last):
Exception: area() is not implemented

>>> cls.area(55)
Traceback (most recent call last):
TypeError: area() takes 1 positional argument but 2 were given

>>> cls.integer_validator("name")
Traceback (most recent call last):
TypeError: integer_validator() missing 1 required positional argument: 'value'

>>> cls.integer_validator("name", 0)
Traceback (most recent call last):
ValueError: name must be greater than 0

>>> cls.integer_validator("name", -14)
Traceback (most recent call last):
ValueError: name must be greater than 0

>>> cls.integer_validator("name", "number")
Traceback (most recent call last):
TypeError: name must be an integer

>>> cls.integer_validator("name", (9, 0))
Traceback (most recent call last):
TypeError: name must be an integer

>>> cls.integer_validator("name", None)
Traceback (most recent call last):
TypeError: name must be an integer
